// Jest Snapshot v1, https://goo.gl/fbAQLP

exports[`<Header /> should match snapshot 1`] = `
<ContextMock>
  <ThemeProvider
    theme={
      Object {
        "active": "#ed6554",
        "dark": "#1e053f",
        "darkNav": true,
        "disabled": "#515664",
        "highlight": "#7c1863",
        "light": "#fff7ff",
        "primary": "#192368",
      }
    }
  >
    <header__StyledHeader>
      <StyledComponent
        forwardedComponent={
          Object {
            "$$typeof": Symbol(react.forward_ref),
            "attrs": Array [],
            "componentStyle": ComponentStyle {
              "componentId": "header__StyledHeader-sc-1un6j1h-0",
              "isStatic": false,
              "lastClassName": "gxUGik",
              "rules": Array [
                [Function],
                " display:flex;justify-content:space-between;align-items:center;padding:calc(",
                "2rem",
                " / 2);font-size:3rem;",
                "
            padding-left: 1rem;
            padding-right: 1rem;
        ",
                " ",
                [Function],
              ],
            },
            "displayName": "header__StyledHeader",
            "foldedComponentIds": Array [],
            "render": [Function],
            "styledComponentId": "header__StyledHeader-sc-1un6j1h-0",
            "target": [Function],
            "toString": [Function],
            "warnTooManyClasses": [Function],
            "withComponent": [Function],
          }
        }
        forwardedRef={null}
      >
        <Header
          className="header__StyledHeader-sc-1un6j1h-0 gxUGik"
        >
          <header
            className="header__StyledHeader-sc-1un6j1h-0 gxUGik"
            id="header"
          >
            <logo__StyledLogo
              breakpoint="phone"
            >
              <StyledComponent
                breakpoint="phone"
                forwardedComponent={
                  Object {
                    "$$typeof": Symbol(react.forward_ref),
                    "attrs": Array [],
                    "componentStyle": ComponentStyle {
                      "componentId": "logo__StyledLogo-sc-6ahk4j-0",
                      "isStatic": false,
                      "lastClassName": "FFixC",
                      "rules": Array [
                        "display:inline-flex;justify-content:flex-start;position:relative;overflow:hidden;font-size:1em;height:1em;width:auto;color:",
                        [Function],
                        ";svg{display:block;height:1em;width:1.3em;pointer-events:none;transition:",
                        "200",
                        "ms;path{transform-origin:center center;fill:currentColor;transition:",
                        "200",
                        "ms;transition-timing-function:",
                        "steps(2, end)",
                        ";}mask path{color:white;}}.r{transform:translateX(0);}.yan{transform:translateX(0);opacity:0;}.f{transform:rotateY(180deg) translateX(85%);mask:url(#mask);}.iller{transform:translateX(0);opacity:0;}&:hover,&:focus{color:",
                        [Function],
                        ";}",
                        [Function],
                      ],
                    },
                    "displayName": "logo__StyledLogo",
                    "foldedComponentIds": Array [],
                    "render": [Function],
                    "styledComponentId": "logo__StyledLogo-sc-6ahk4j-0",
                    "target": [Function],
                    "toString": [Function],
                    "warnTooManyClasses": [Function],
                    "withComponent": [Function],
                  }
                }
                forwardedRef={null}
              >
                <Logo
                  breakpoint="phone"
                  className="logo__StyledLogo-sc-6ahk4j-0 FFixC"
                >
                  <ForwardRef
                    aria-label="to homepage"
                    className="logo__StyledLogo-sc-6ahk4j-0 FFixC"
                    to="/"
                  >
                    <GatsbyLink
                      aria-label="to homepage"
                      className="logo__StyledLogo-sc-6ahk4j-0 FFixC"
                      innerRef={null}
                      to="/"
                    >
                      <ForwardRef
                        aria-label="to homepage"
                        className="logo__StyledLogo-sc-6ahk4j-0 FFixC"
                        getProps={[Function]}
                        innerRef={[Function]}
                        onClick={[Function]}
                        onMouseEnter={[Function]}
                        to="/"
                      >
                        <Location>
                          <LocationProvider
                            history={
                              Object {
                                "_onTransitionComplete": [Function],
                                "listen": [Function],
                                "location": Object {
                                  "assign": [Function],
                                  "hash": "",
                                  "host": "localhost",
                                  "hostname": "localhost",
                                  "href": "http://localhost/",
                                  "key": "initial",
                                  "origin": "http://localhost",
                                  "pathname": "/",
                                  "port": "",
                                  "protocol": "http:",
                                  "reload": [Function],
                                  "replace": [Function],
                                  "search": "",
                                  "state": null,
                                  "toString": [Function],
                                },
                                "navigate": [Function],
                                "transitioning": false,
                              }
                            }
                          >
                            <a
                              aria-current="page"
                              aria-label="to homepage"
                              className="logo__StyledLogo-sc-6ahk4j-0 FFixC"
                              href="/"
                              onClick={[Function]}
                              onMouseEnter={[Function]}
                              style={Object {}}
                            >
                              <test-file-stub />
                            </a>
                          </LocationProvider>
                        </Location>
                      </ForwardRef>
                    </GatsbyLink>
                  </ForwardRef>
                </Logo>
              </StyledComponent>
            </logo__StyledLogo>
            <MediaQueryContextConsumer
              query="(min-width: 768px)"
            >
              <MediaQuery
                query="(min-width: 768px)"
                values={null}
              />
            </MediaQueryContextConsumer>
            <MediaQueryContextConsumer
              query="(max-width: 767px)"
            >
              <MediaQuery
                query="(max-width: 767px)"
                values={null}
              />
            </MediaQueryContextConsumer>
          </header>
        </Header>
      </StyledComponent>
    </header__StyledHeader>
  </ThemeProvider>
</ContextMock>
`;
